DATE,nDays,Area,Precipitation,PEt,VegetationPE_PEfac,CanopyStorage,PEfacLessCanopy_AE,Precipitation_Groundlevel,Snowfall,Precipitation_Rainfall,SnowPack,SnowMelt,Rainfall_SnowMelt,RapidRunoff,RunoffRecharge,MacroPoreAttenuated,MacroPoreDirect,Percolation_RootZone,RAWREW,TAWTEW,pSMD,SMD,AE,RejectedRecharge,PercolationThroughRootZone,SubRootZoneLeakege,BypassingInterflow,InputInterflowStore,InterflowStoreVol,InfiltrationRecharge,InterflowtoSW,InputRechargeStore,RechargeStoreVol,CombinedRecharge,SWAttenuation,SWAbstractions,SWDischarges,CombinedSW,CombinedAE,UnitilisedPE,AVERAGE_IN,AVERAGE_OUT,TOTAL_STORAGE_CHANGE,BALANCE
01/01/1980,1,999.4499999999999,0.0,3.7721177419354874,1.5088470967741952,0.0,1.5088470967741952,0.0,0.0,0.0,24.646160945615,75.298839054385,75.298839054385,15.059767810877,0.0,0.0,0.0,60.23907124350799,126.98012249999998,230.87294999999997,41.21477585326621,99.94500000000001,1.5088470967741952,0.0,0.0,0.049972499999999996,0.0024986250000000004,0.047473875,8.830140750000002,0.6996149999999999,0.4065262875000001,0.702113625,0.99945,0.049972499999999996,14.938723229513098,0.0,33.32999999999999,34.8570208688639,1.5088470967741952,0.0,33.379972499999994,36.41584046563809,58.32369785923379,-61.35956582487189
30/09/2014,12691,999.4499999999999,42028.63157697525,42918.23106134794,38372.42479655532,415.7260273086529,37956.69876924667,41612.9055496666,21577.362354082292,20035.543195584305,2842814.5807049605,21602.008515027897,41637.551710612206,8089.0462092294365,0.0,230.9318504764026,153.9545669842684,33163.6190839221,1611504.7346475,2930008.60845,1846700.5365328963,1863282.1947879854,16581.960828832962,11890.852129344821,4873.47146320621,634.2009974999999,275.38362303531045,5232.288837670899,57757.96163794698,2475.9102686695223,2764.102568463873,2982.225742181235,59655.61186147404,3136.7351600579705,1187889.643905766,0.0,2749091.73,2771742.502446787,16997.686856141612,21374.737940413706,2791754.5625744755,2791876.924462986,-97.71572756569611,-24.64616094564289
