DATE,nDays,Area,Precipitation,PEt,VegetationPE_PEfac,CanopyStorage,PEfacLessCanopy_AE,Precipitation_Groundlevel,Snowfall,Precipitation_Rainfall,SnowPack,SnowMelt,Rainfall_SnowMelt,RapidRunoff,RunoffRecharge,MacroPoreAttenuated,MacroPoreDirect,Percolation_RootZone,RAWREW,TAWTEW,pSMD,SMD,AE,RejectedRecharge,PercolationThroughRootZone,SubRootZoneLeakege,BypassingInterflow,InputInterflowStore,InterflowStoreVol,InfiltrationRecharge,InterflowtoSW,InputRechargeStore,RechargeStoreVol,CombinedRecharge,SWAttenuation,SWAbstractions,SWDischarges,CombinedSW,CombinedAE,UnitilisedPE,AVERAGE_IN,AVERAGE_OUT,TOTAL_STORAGE_CHANGE,BALANCE
01/01/1980,1,424.5785,0.0,1.6024414354838723,0.640976574193549,0.0,0.640976574193549,0.0,0.0,0.0,10.469988538744108,31.98786146125589,31.98786146125589,6.397572292251178,0.0,0.0,0.0,25.590289169004713,53.942698424999996,98.07763350000002,17.50853740518884,42.45785000000001,0.640976574193549,0.0,0.0,0.021228925,0.0010614462500000003,0.020167478750000002,3.7511510475000005,0.29720495,0.17269730487500004,0.29826639624999995,0.4245785,0.021228925,0.6325830968486483,4.589649274297351,0.0,1.4760272259801797,0.640976574193549,0.0,0.021228925,6.727881999471078,24.776615289936164,-31.48326836440724
30/09/2014,12691,424.5785,17854.27320226603,18232.18586890842,16301.072151167404,176.60546609201748,16124.466685075387,17677.66773617402,9166.325621344467,8511.342114829547,1207662.1646443955,9176.795609883207,17688.13772471276,3436.3250847419285,0.0,98.1026551378211,65.40177009188073,14088.308214741128,684586.785711675,1244703.2467485,784500.8192008927,791544.9090397626,7044.2183758713845,5051.378418929441,2070.3098740716373,269.41628717500004,116.98630806233187,2222.739853184305,24536.283671316298,1051.796756222225,1174.2243457547038,1266.8857194223779,25342.42853642189,1332.523196912975,1264.1597402269338,6497.245076263502,0.0,-2739429.1700141765,7220.823841963401,9080.248309204004,18123.689489441032,-2724378.5778990365,-81.7475467202383,2742584.014935198
